#-----------------------------------------------------------
# Vivado v2019.2 (64-bit)
# SW Build 2708876 on Wed Nov  6 21:40:23 MST 2019
# IP Build 2700528 on Thu Nov  7 00:09:20 MST 2019
# Start of session at: Mon Mar  2 09:53:33 2020
# Process ID: 2504
# Current directory: C:/Users/Shantanu Shinde/Desktop/Shantanu/TIFR/Fine Counter Codes/Hybrid_Counter
# Command line: vivado.exe -gui_launcher_event rodinguilauncherevent19864 C:\Users\Shantanu Shinde\Desktop\Shantanu\TIFR\Fine Counter Codes\Hybrid_Counter\Hybrid_Counter.xpr
# Log file: C:/Users/Shantanu Shinde/Desktop/Shantanu/TIFR/Fine Counter Codes/Hybrid_Counter/vivado.log
# Journal file: C:/Users/Shantanu Shinde/Desktop/Shantanu/TIFR/Fine Counter Codes/Hybrid_Counter\vivado.jou
#-----------------------------------------------------------
start_gui
open_project {C:/Users/Shantanu Shinde/Desktop/Shantanu/TIFR/Fine Counter Codes/Hybrid_Counter/Hybrid_Counter.xpr}
open_project {C:/Users/Shantanu Shinde/Desktop/Shantanu/TIFR/Fine Counter Codes/Hybrid_Counter/Hybrid_Counter.xpr}
update_compile_order -fileset sources_1
open_hw_manager
connect_hw_server -url localhost:3121 -allow_non_jtag
current_hw_target [get_hw_targets */xilinx_tcf/Digilent/210292ABF811A]
set_property PARAM.FREQUENCY 15000000 [get_hw_targets */xilinx_tcf/Digilent/210292ABF811A]
open_hw_target
current_hw_device [get_hw_devices xc7a100t_0]
refresh_hw_device -update_hw_probes false [lindex [get_hw_devices xc7a100t_0] 0]
close_hw_manager
update_compile_order -fileset sources_1
update_compile_order -fileset sources_1
